src/app/admin/[orgSlug]/site/pages/_components/page-editor-form.tsx(68,11): error TS1128: Declaration or statement expected.
src/app/admin/[orgSlug]/site/pages/_components/page-editor-form.tsx(70,11): error TS2657: JSX expressions must have one parent element.
src/app/admin/[orgSlug]/site/pages/_components/page-editor-form.tsx(76,9): error TS1128: Declaration or statement expected.
src/app/admin/[orgSlug]/site/pages/_components/page-editor-form.tsx(164,7): error TS1128: Declaration or statement expected.
src/app/admin/[orgSlug]/site/pages/_components/page-editor-form.tsx(165,5): error TS1109: Expression expected.
src/app/admin/[orgSlug]/site/pages/_components/page-editor-form.tsx(166,3): error TS1109: Expression expected.
src/app/admin/[orgSlug]/sports/matches/_components/schedule-match-sheet.tsx(203,50): error TS1003: Identifier expected.
src/app/admin/[orgSlug]/sports/players/_components/create-player-sheet.tsx(285,50): error TS1003: Identifier expected.
src/app/admin/[orgSlug]/sports/seasons/_components/create-season-sheet.tsx(148,66): error TS1003: Identifier expected.
